R1>enable
R1#configure terminal
Enter configuration commands, one per line.  End with CNTL/Z.
R1(config)#host R1
R1(config)#interface F
R1(config)#interface FastEthernet 0/0
R1(config-if)#ip add
R1(config-if)#ip address 
R1(config-if)#ip address 192.168
R1(config-if)#ip address 192.168.10.1 255.255.255.0
R1(config-if)#no shu
R1(config-if)#no shutdown
R1(config-if)#exit
R1(config)#exit
R1#
%SYS-5-CONFIG_I: Configured from console by console

R1#configure 
R1#configure terminal
Enter configuration commands, one per line.  End with CNTL/Z.
R1(config)#ip dh
R1(config)#ip dhcp 
R1(config)#ip dhcp poo
R1(config)#ip dhcp pool IP30
R1(dhcp-config)#
R1(dhcp-config)#net 192.168.10.0 255.255.255.0
R1(dhcp-config)#default 192.168.1.1
R1(dhcp-config)#exit
R1(config)#dhcp excluded-address 192.168.1.1 192.168.1.99
            ^
% Invalid input detected at '^' marker.
	
R1(config)#ip dhcp excluded-address 192.168.1.1 192.168.1.99
R1(config)#exit
R1#
%SYS-5-CONFIG_I: Configured from console by console

R1#no shut
      ^
% Invalid input detected at '^' marker.
	
R1#copy run startup-config
Destination filename [startup-config]? 
Building configuration...
[OK]
R1#show running-config
Building configuration...

Current configuration : 855 bytes
!
version 12.4
no service timestamps log datetime msec
no service timestamps debug datetime msec
no service password-encryption
!
hostname R1
!
!
!
!
ip dhcp excluded-address 192.168.10.1 192.168.10.99
ip dhcp excluded-address 192.168.1.1 192.168.1.99
!
ip dhcp pool IP30
 network 192.168.10.0 255.255.255.0
 default-router 192.168.1.1
ip dhcp pool 21net
 network 192.168.1.0 255.255.255.0
 default-router 192.168.1.1
 dns-server 192.168.1.10
!
!
!
no ip cef
no ipv6 cef
!
!
!
!
!
!
!
!
!
!
!
!
spanning-tree mode pvst
!
!
!
!
!

R1#
R1#
R1#
R1#
R1#show running-config
Building configuration...

Current configuration : 855 bytes
!
version 12.4
no service timestamps log datetime msec
no service timestamps debug datetime msec
no service password-encryption
!
hostname R1
!
!
!
!
ip dhcp excluded-address 192.168.10.1 192.168.10.99
ip dhcp excluded-address 192.168.1.1 192.168.1.99
!
ip dhcp pool IP30
 network 192.168.10.0 255.255.255.0
 default-router 192.168.1.1
ip dhcp pool 21net
 network 192.168.1.0 255.255.255.0
 default-router 192.168.1.1
 dns-server 192.168.1.10
!
!
!
no ip cef
no ipv6 cef
!
!
!
!
!
!
!
!
!
!
!
!
spanning-tree mode pvst
!
!
!
!
!
!
interface FastEthernet0/0
 ip address 192.168.10.1 255.255.255.0
 duplex auto
 speed auto
!
interface FastEthernet0/1
 no ip address
 duplex auto
 speed auto
 shutdown
!
interface Vlan1
 no ip address
 shutdownR1>enable
R1#configure terminal
Enter configuration commands, one per line.  End with CNTL/Z.
R1(config)#host R1
R1(config)#interface F
R1(config)#interface FastEthernet 0/0
R1(config-if)#ip add
R1(config-if)#ip address 
R1(config-if)#ip address 192.168
R1(config-if)#ip address 192.168.10.1 255.255.255.0
R1(config-if)#no shu
R1(config-if)#no shutdown
R1(config-if)#exit
R1(config)#exit
R1#
%SYS-5-CONFIG_I: Configured from console by console

R1#configure 
R1#configure terminal
Enter configuration commands, one per line.  End with CNTL/Z.
R1(config)#ip dh
R1(config)#ip dhcp 
R1(config)#ip dhcp poo
R1(config)#ip dhcp pool IP30
R1(dhcp-config)#
R1(dhcp-config)#net 192.168.10.0 255.255.255.0
R1(dhcp-config)#default 192.168.1.1
R1(dhcp-config)#exit
R1(config)#dhcp excluded-address 192.168.1.1 192.168.1.99
            ^
% Invalid input detected at '^' marker.
	
R1(config)#ip dhcp excluded-address 192.168.1.1 192.168.1.99
R1(config)#exit
R1#
%SYS-5-CONFIG_I: Configured from console by console

R1#no shut
      ^
% Invalid input detected at '^' marker.
	
R1#copy run startup-config
Destination filename [startup-config]? 
Building configuration...
[OK]
R1#show running-config
Building configuration...

Current configuration : 855 bytes
!
version 12.4
no service timestamps log datetime msec
no service timestamps debug datetime msec
no service password-encryption
!
hostname R1
!
!
!
!
ip dhcp excluded-address 192.168.10.1 192.168.10.99
ip dhcp excluded-address 192.168.1.1 192.168.1.99
!
ip dhcp pool IP30
 network 192.168.10.0 255.255.255.0
 default-router 192.168.1.1
ip dhcp pool 21net
 network 192.168.1.0 255.255.255.0
 default-router 192.168.1.1
 dns-server 192.168.1.10
!
!
!
no ip cef
no ipv6 cef
!
!
!
!
!
!
!
!
!
!
!
!
spanning-tree mode pvst
!
!
!
!
!

R1#
R1#
R1#
R1#
R1#show running-config
Building configuration...

Current configuration : 855 bytes
!
version 12.4
no service timestamps log datetime msec
no service timestamps debug datetime msec
no service password-encryption
!
hostname R1
!
!
!
!
ip dhcp excluded-address 192.168.10.1 192.168.10.99
ip dhcp excluded-address 192.168.1.1 192.168.1.99
!
ip dhcp pool IP30
 network 192.168.10.0 255.255.255.0
 default-router 192.168.1.1
ip dhcp pool 21net
 network 192.168.1.0 255.255.255.0
 default-router 192.168.1.1
 dns-server 192.168.1.10
!
!
!
no ip cef
no ipv6 cef
!
!
!
!
!
!
!
!
!
!
!
!
spanning-tree mode pvst
!
!
!
!
!
!
interface FastEthernet0/0
 ip address 192.168.10.1 255.255.255.0
 duplex auto
 speed auto
!
interface FastEthernet0/1
 no ip address
 duplex auto
 speed auto
 shutdown
!
interface Vlan1
 no ip address
 shutdown
!
ip classless
!
ip flow-export version 9
!
!
!
!
!
!
!
line con 0
!
line aux 0
!
line vty 0 4
 login
!
!
!
end
!
ip classless
!
ip flow-export version 9
!
!
!
!
!
!
!
line con 0
!
line aux 0
!
line vty 0 4
 login
!
!
!
end
